\BOOKMARK [1][-]{section.1}{\376\377\000I\000n\000t\000r\000o\000d\000u\000c\000t\000i\000o\000n\000\040\000a\000n\000d\000\040\000L\000e\000a\000r\000n\000i\000n\000g\000\040\000O\000b\000j\000e\000c\000t\000i\000v\000e\000s}{}% 1
\BOOKMARK [2][-]{subsection.1.1}{\376\377\000L\000e\000a\000r\000n\000i\000n\000g\000\040\000O\000b\000j\000e\000c\000t\000i\000v\000e\000s\000\040\000A\000c\000h\000i\000e\000v\000e\000d}{section.1}% 2
\BOOKMARK [2][-]{subsection.1.2}{\376\377\000S\000y\000s\000t\000e\000m\000\040\000A\000r\000c\000h\000i\000t\000e\000c\000t\000u\000r\000e\000\040\000O\000v\000e\000r\000v\000i\000e\000w}{section.1}% 3
\BOOKMARK [1][-]{section.2}{\376\377\000I\000a\000a\000S\000\040\000v\000s\000.\000\040\000P\000a\000a\000S\000:\000\040\000W\000h\000y\000\040\000R\000e\000n\000d\000e\000r\000\040\000I\000n\000s\000t\000e\000a\000d\000\040\000o\000f\000\040\000O\000C\000I}{}% 4
\BOOKMARK [2][-]{subsection.2.1}{\376\377\000O\000r\000a\000c\000l\000e\000\040\000C\000l\000o\000u\000d\000'\000s\000\040\000I\000a\000a\000S\000\040\000A\000p\000p\000r\000o\000a\000c\000h}{section.2}% 5
\BOOKMARK [2][-]{subsection.2.2}{\376\377\000R\000e\000n\000d\000e\000r\000'\000s\000\040\000P\000a\000a\000S\000\040\000A\000p\000p\000r\000o\000a\000c\000h}{section.2}% 6
\BOOKMARK [2][-]{subsection.2.3}{\376\377\000S\000i\000d\000e\000-\000b\000y\000-\000S\000i\000d\000e\000\040\000C\000o\000m\000p\000a\000r\000i\000s\000o\000n}{section.2}% 7
\BOOKMARK [1][-]{section.3}{\376\377\000O\000C\000I\000\040\000A\000c\000c\000o\000u\000n\000t\000\040\000I\000s\000s\000u\000e\000\040\000a\000n\000d\000\040\000I\000n\000s\000t\000r\000u\000c\000t\000o\000r\000\040\000A\000p\000p\000r\000o\000v\000a\000l}{}% 8
\BOOKMARK [1][-]{section.4}{\376\377\000E\000n\000v\000i\000r\000o\000n\000m\000e\000n\000t\000\040\000S\000e\000t\000u\000p}{}% 9
\BOOKMARK [2][-]{subsection.4.1}{\376\377\000R\000e\000n\000d\000e\000r\000\040\000A\000c\000c\000o\000u\000n\000t\000\040\000C\000r\000e\000a\000t\000i\000o\000n}{section.4}% 10
\BOOKMARK [2][-]{subsection.4.2}{\376\377\000G\000i\000t\000H\000u\000b\000\040\000R\000e\000p\000o\000s\000i\000t\000o\000r\000y}{section.4}% 11
\BOOKMARK [1][-]{section.5}{\376\377\000M\000y\000S\000Q\000L\000\040\000D\000a\000t\000a\000b\000a\000s\000e\000\040\000i\000n\000\040\000t\000h\000e\000\040\000C\000l\000o\000u\000d}{}% 12
\BOOKMARK [2][-]{subsection.5.1}{\376\377\000P\000r\000o\000v\000i\000s\000i\000o\000n\000i\000n\000g\000\040\000t\000h\000e\000\040\000D\000a\000t\000a\000b\000a\000s\000e}{section.5}% 13
\BOOKMARK [2][-]{subsection.5.2}{\376\377\000S\000c\000h\000e\000m\000a\000\040\000I\000n\000i\000t\000i\000a\000l\000i\000s\000a\000t\000i\000o\000n}{section.5}% 14
\BOOKMARK [1][-]{section.6}{\376\377\000A\000p\000p\000l\000i\000c\000a\000t\000i\000o\000n\000\040\000C\000o\000n\000f\000i\000g\000u\000r\000a\000t\000i\000o\000n\000\040\000f\000o\000r\000\040\000R\000e\000n\000d\000e\000r}{}% 15
\BOOKMARK [2][-]{subsection.6.1}{\376\377\000D\000o\000c\000k\000e\000r\000f\000i\000l\000e}{section.6}% 16
\BOOKMARK [2][-]{subsection.6.2}{\376\377\000a\000p\000p\000l\000i\000c\000a\000t\000i\000o\000n\000.\000p\000r\000o\000p\000e\000r\000t\000i\000e\000s\000:\000\040\000R\000u\000n\000t\000i\000m\000e\000\040\000O\000v\000e\000r\000r\000i\000d\000e\000s}{section.6}% 17
\BOOKMARK [2][-]{subsection.6.3}{\376\377\000S\000e\000c\000u\000r\000i\000t\000y\000C\000o\000n\000f\000i\000g\000:\000\040\000P\000e\000r\000m\000i\000t\000\040\000H\000e\000a\000l\000t\000h\000\040\000C\000h\000e\000c\000k}{section.6}% 18
\BOOKMARK [1][-]{section.7}{\376\377\000D\000e\000p\000l\000o\000y\000i\000n\000g\000\040\000t\000o\000\040\000R\000e\000n\000d\000e\000r}{}% 19
\BOOKMARK [2][-]{subsection.7.1}{\376\377\000C\000r\000e\000a\000t\000e\000\040\000a\000\040\000W\000e\000b\000\040\000S\000e\000r\000v\000i\000c\000e}{section.7}% 20
\BOOKMARK [2][-]{subsection.7.2}{\376\377\000E\000n\000v\000i\000r\000o\000n\000m\000e\000n\000t\000\040\000V\000a\000r\000i\000a\000b\000l\000e\000s}{section.7}% 21
\BOOKMARK [2][-]{subsection.7.3}{\376\377\000B\000u\000i\000l\000d\000\040\000a\000n\000d\000\040\000D\000e\000p\000l\000o\000y}{section.7}% 22
\BOOKMARK [1][-]{section.8}{\376\377\000S\000y\000s\000t\000e\000m\000\040\000V\000e\000r\000i\000f\000i\000c\000a\000t\000i\000o\000n}{}% 23
\BOOKMARK [2][-]{subsection.8.1}{\376\377\000H\000e\000a\000l\000t\000h\000\040\000C\000h\000e\000c\000k}{section.8}% 24
\BOOKMARK [2][-]{subsection.8.2}{\376\377\000R\000e\000n\000d\000e\000r\000\040\000S\000e\000r\000v\000i\000c\000e\000\040\000S\000t\000a\000t\000u\000s}{section.8}% 25
\BOOKMARK [1][-]{section.9}{\376\377\000C\000R\000U\000D\000\040\000W\000a\000l\000k\000t\000h\000r\000o\000u\000g\000h\000:\000\040\000O\000r\000d\000e\000r\000s\0004\000U\000\040\000W\000e\000b\000\040\000A\000p\000p\000l\000i\000c\000a\000t\000i\000o\000n}{}% 26
\BOOKMARK [2][-]{subsection.9.1}{\376\377\000A\000u\000t\000h\000e\000n\000t\000i\000c\000a\000t\000i\000o\000n\000:\000\040\000L\000o\000g\000i\000n\000\040\000\050\000S\000p\000r\000i\000n\000g\000\040\000S\000e\000c\000u\000r\000i\000t\000y\000\051}{section.9}% 27
\BOOKMARK [2][-]{subsection.9.2}{\376\377\000R\000e\000a\000d\000:\000\040\000H\000o\000m\000e\000\040\000D\000a\000s\000h\000b\000o\000a\000r\000d\000\040\000\050\000a\000f\000t\000e\000r\000\040\000l\000o\000g\000i\000n\000\051}{section.9}% 28
\BOOKMARK [2][-]{subsection.9.3}{\376\377\000R\000e\000a\000d\000:\000\040\000I\000n\000v\000e\000n\000t\000o\000r\000y\000\040\000L\000i\000s\000t}{section.9}% 29
\BOOKMARK [2][-]{subsection.9.4}{\376\377\000C\000r\000e\000a\000t\000e\000:\000\040\000N\000e\000w\000\040\000O\000r\000d\000e\000r}{section.9}% 30
\BOOKMARK [2][-]{subsection.9.5}{\376\377\000U\000p\000d\000a\000t\000e\000:\000\040\000E\000d\000i\000t\000\040\000O\000r\000d\000e\000r}{section.9}% 31
\BOOKMARK [2][-]{subsection.9.6}{\376\377\000D\000e\000l\000e\000t\000e\000:\000\040\000R\000e\000m\000o\000v\000e\000\040\000O\000r\000d\000e\000r}{section.9}% 32
\BOOKMARK [2][-]{subsection.9.7}{\376\377\000C\000R\000U\000D\000\040\000S\000u\000m\000m\000a\000r\000y}{section.9}% 33
\BOOKMARK [1][-]{section.10}{\376\377\000C\000o\000l\000l\000a\000b\000o\000r\000a\000t\000i\000n\000g\000\040\000w\000i\000t\000h\000\040\000A\000I}{}% 34
\BOOKMARK [2][-]{subsection.10.1}{\376\377\0003\000A\000:\000\040\000C\000r\000o\000s\000s\000-\000C\000l\000o\000u\000d\000\040\000R\000e\000f\000l\000e\000c\000t\000i\000o\000n}{section.10}% 35
\BOOKMARK [1][-]{section.11}{\376\377\000C\000o\000n\000c\000l\000u\000s\000i\000o\000n}{}% 36
\BOOKMARK [2][-]{subsection.11.1}{\376\377\000W\000h\000a\000t\000\040\000W\000a\000s\000\040\000A\000c\000c\000o\000m\000p\000l\000i\000s\000h\000e\000d}{section.11}% 37
