\BOOKMARK [1][-]{section.1}{\376\377\000I\000n\000t\000r\000o\000d\000u\000c\000t\000i\000o\000n\000\040\000a\000n\000d\000\040\000L\000e\000a\000r\000n\000i\000n\000g\000\040\000O\000b\000j\000e\000c\000t\000i\000v\000e\000s}{}% 1
\BOOKMARK [2][-]{subsection.1.1}{\376\377\000L\000e\000a\000r\000n\000i\000n\000g\000\040\000O\000b\000j\000e\000c\000t\000i\000v\000e\000s\000\040\000A\000c\000h\000i\000e\000v\000e\000d}{section.1}% 2
\BOOKMARK [2][-]{subsection.1.2}{\376\377\000P\000i\000p\000e\000l\000i\000n\000e\000\040\000A\000r\000c\000h\000i\000t\000e\000c\000t\000u\000r\000e\000\040\000O\000v\000e\000r\000v\000i\000e\000w}{section.1}% 3
\BOOKMARK [1][-]{section.2}{\376\377\000P\000r\000e\000p\000a\000r\000i\000n\000g\000\040\000t\000h\000e\000\040\000A\000p\000p\000l\000i\000c\000a\000t\000i\000o\000n}{}% 4
\BOOKMARK [2][-]{subsection.2.1}{\376\377\000S\000t\000a\000r\000t\000e\000r\000\040\000A\000p\000p\000l\000i\000c\000a\000t\000i\000o\000n}{section.2}% 5
\BOOKMARK [2][-]{subsection.2.2}{\376\377\000P\000r\000o\000j\000e\000c\000t\000\040\000S\000t\000r\000u\000c\000t\000u\000r\000e}{section.2}% 6
\BOOKMARK [2][-]{subsection.2.3}{\376\377\000L\000o\000c\000a\000l\000\040\000B\000u\000i\000l\000d\000\040\000V\000e\000r\000i\000f\000i\000c\000a\000t\000i\000o\000n}{section.2}% 7
\BOOKMARK [1][-]{section.3}{\376\377\000G\000i\000t\000H\000u\000b\000\040\000R\000e\000p\000o\000s\000i\000t\000o\000r\000y\000\040\000S\000e\000t\000u\000p}{}% 8
\BOOKMARK [2][-]{subsection.3.1}{\376\377\000C\000r\000e\000a\000t\000i\000n\000g\000\040\000t\000h\000e\000\040\000R\000e\000m\000o\000t\000e\000\040\000R\000e\000p\000o\000s\000i\000t\000o\000r\000y}{section.3}% 9
\BOOKMARK [2][-]{subsection.3.2}{\376\377\000I\000n\000i\000t\000i\000a\000l\000i\000s\000i\000n\000g\000\040\000G\000i\000t\000\040\000a\000n\000d\000\040\000P\000u\000s\000h\000i\000n\000g}{section.3}% 10
\BOOKMARK [1][-]{section.4}{\376\377\000D\000o\000c\000k\000e\000r\000f\000i\000l\000e}{}% 11
\BOOKMARK [1][-]{section.5}{\376\377\000G\000i\000t\000H\000u\000b\000\040\000S\000e\000c\000r\000e\000t\000s\000\040\000C\000o\000n\000f\000i\000g\000u\000r\000a\000t\000i\000o\000n}{}% 12
\BOOKMARK [2][-]{subsection.5.1}{\376\377\000P\000e\000r\000s\000o\000n\000a\000l\000\040\000A\000c\000c\000e\000s\000s\000\040\000T\000o\000k\000e\000n\000\040\000f\000o\000r\000\040\000G\000H\000C\000R}{section.5}% 13
\BOOKMARK [1][-]{section.6}{\376\377\000G\000i\000t\000H\000u\000b\000\040\000A\000c\000t\000i\000o\000n\000s\000\040\000W\000o\000r\000k\000f\000l\000o\000w}{}% 14
\BOOKMARK [2][-]{subsection.6.1}{\376\377\000W\000o\000r\000k\000f\000l\000o\000w\000\040\000F\000i\000l\000e}{section.6}% 15
\BOOKMARK [2][-]{subsection.6.2}{\376\377\000W\000h\000a\000t\000\040\000E\000a\000c\000h\000\040\000S\000t\000e\000p\000\040\000D\000o\000e\000s}{section.6}% 16
\BOOKMARK [2][-]{subsection.6.3}{\376\377\000F\000i\000r\000s\000t\000\040\000P\000i\000p\000e\000l\000i\000n\000e\000\040\000R\000u\000n}{section.6}% 17
\BOOKMARK [1][-]{section.7}{\376\377\000C\000o\000n\000t\000a\000i\000n\000e\000r\000\040\000R\000e\000g\000i\000s\000t\000r\000y\000\040\000\050\000G\000H\000C\000R\000\051}{}% 18
\BOOKMARK [1][-]{section.8}{\376\377\000D\000e\000p\000l\000o\000y\000i\000n\000g\000\040\000t\000o\000\040\000R\000e\000n\000d\000e\000r\000.\000c\000o\000m}{}% 19
\BOOKMARK [2][-]{subsection.8.1}{\376\377\000R\000e\000n\000d\000e\000r\000\040\000A\000c\000c\000o\000u\000n\000t\000\040\000a\000n\000d\000\040\000S\000e\000r\000v\000i\000c\000e\000\040\000C\000r\000e\000a\000t\000i\000o\000n}{section.8}% 20
\BOOKMARK [2][-]{subsection.8.2}{\376\377\000I\000n\000i\000t\000i\000a\000l\000\040\000D\000e\000p\000l\000o\000y\000m\000e\000n\000t}{section.8}% 21
\BOOKMARK [2][-]{subsection.8.3}{\376\377\000R\000e\000n\000d\000e\000r\000\040\000D\000e\000p\000l\000o\000y\000\040\000H\000o\000o\000k\000\040\000\050\000A\000u\000t\000o\000m\000a\000t\000e\000d\000\040\000C\000D\000\051}{section.8}% 22
\BOOKMARK [1][-]{section.9}{\376\377\000I\000n\000c\000r\000e\000m\000e\000n\000t\000a\000l\000\040\000U\000p\000d\000a\000t\000e\000s\000\040\000\050\000v\0001\040\023\000v\0004\000\051}{}% 23
\BOOKMARK [2][-]{subsection.9.1}{\376\377\000v\0001\000:\000\040\000S\000t\000r\000u\000c\000t\000u\000r\000e\000d\000\040\000C\000o\000m\000m\000e\000n\000t\000s\000\040\000T\000a\000b\000l\000e}{section.9}% 24
\BOOKMARK [2][-]{subsection.9.2}{\376\377\000v\0002\000:\000\040\000C\000S\000S\000\040\000S\000t\000y\000l\000i\000n\000g}{section.9}% 25
\BOOKMARK [2][-]{subsection.9.3}{\376\377\000v\0003\000:\000\040\000T\000i\000m\000e\000s\000t\000a\000m\000p\000s}{section.9}% 26
\BOOKMARK [2][-]{subsection.9.4}{\376\377\000v\0004\000:\000\040\000S\000e\000a\000r\000c\000h\000\040\000/\000\040\000F\000i\000l\000t\000e\000r\000\040\000b\000y\000\040\000A\000u\000t\000h\000o\000r}{section.9}% 27
\BOOKMARK [1][-]{section.10}{\376\377\000V\000e\000r\000s\000i\000o\000n\000\040\000S\000u\000m\000m\000a\000r\000y}{}% 28
\BOOKMARK [1][-]{section.11}{\376\377\000C\000o\000l\000l\000a\000b\000o\000r\000a\000t\000i\000n\000g\000\040\000w\000i\000t\000h\000\040\000A\000I}{}% 29
\BOOKMARK [2][-]{subsection.11.1}{\376\377\000P\000r\000o\000m\000p\000t\000\040\000S\000e\000l\000e\000c\000t\000e\000d\000:\000\040\000I\000m\000p\000r\000o\000v\000i\000n\000g\000\040\000t\000h\000e\000\040\000C\000I\000/\000C\000D\000\040\000P\000i\000p\000e\000l\000i\000n\000e}{section.11}% 30
\BOOKMARK [1][-]{section.12}{\376\377\000C\000o\000n\000c\000l\000u\000s\000i\000o\000n}{}% 31
\BOOKMARK [2][-]{subsection.12.1}{\376\377\000W\000h\000a\000t\000\040\000W\000a\000s\000\040\000A\000c\000c\000o\000m\000p\000l\000i\000s\000h\000e\000d}{section.12}% 32
\BOOKMARK [2][-]{subsection.12.2}{\376\377\000K\000e\000y\000\040\000T\000a\000k\000e\000a\000w\000a\000y}{section.12}% 33
\BOOKMARK [2][-]{subsection.12.3}{\376\377\000P\000r\000o\000j\000e\000c\000t\000\040\000L\000i\000n\000k\000s}{section.12}% 34
